<?xml version="1.0" encoding="UTF-8"?>
<TestRun id="bd6d0644-2d71-4f24-8460-9a0e2e1db20f" name="teodor.bardici@ISBC-W51 2009-05-27 12:58:04" runUser="NETIG\teodor.bardici" xmlns="http://microsoft.com/schemas/VisualStudio/TeamTest/2010">
  <TestSettings name="Local" id="dc3a31a0-147a-4b2a-9b2d-3afbe8a11481">
    <Description>These are default test settings for a local test run.</Description>
    <Deployment userDeploymentRoot="C:\temp\WPFChat\TestResults" useDefaultDeploymentRoot="false" runDeploymentRoot="teodor.bardici_ISBC-W51 2009-05-27 12_58_04">
      <DeploymentItem filename="C:\temp\WPFChat\WPFChat.Library\bin\Debug\WPFChat.Library.dll" />
    </Deployment>
    <Execution>
      <TestTypeSpecific />
      <AgentRule name="Execution Agents">
      </AgentRule>
    </Execution>
  </TestSettings>
  <Times creation="2009-05-27T12:58:04.4492691+03:00" queuing="2009-05-27T12:58:05.7830288+03:00" start="2009-05-27T12:58:06.0321927+03:00" finish="2009-05-27T12:58:07.2926689+03:00" />
  <ResultSummary outcome="Completed">
    <Counters total="1" executed="1" passed="1" error="0" failed="0" timeout="0" aborted="0" inconclusive="0" passedButRunAborted="0" notRunnable="0" notExecuted="0" disconnected="0" warning="0" completed="0" inProgress="0" pending="0" />
  </ResultSummary>
  <TestDefinitions>
    <UnitTest name="AvatarConstructorTest" storage="c:\temp\wpfchat\wpfchattests\bin\debug\wpfchattests.dll" id="77e1f49e-8ade-a555-158f-1ade36de28a5">
      <Execution id="b2eefaa9-2fc6-47cf-81f2-d38e40135269" />
      <TestMethod codeBase="C:/temp/WPFChat/WPFChatTests/bin/Debug/WPFChatTests.DLL" adapterTypeName="Microsoft.VisualStudio.TestTools.TestTypes.Unit.UnitTestAdapter, Microsoft.VisualStudio.QualityTools.Tips.UnitTest.Adapter, Version=10.0.0.0, Culture=neutral, PublicKeyToken=b03f5f7f11d50a3a" className="WPFChatTests.AvatarTest, WPFChatTests, Version=1.0.0.0, Culture=neutral, PublicKeyToken=null" name="AvatarConstructorTest" />
    </UnitTest>
  </TestDefinitions>
  <TestLists>
    <TestList name="Results Not in a List" id="8c84fa94-04c1-424b-9868-57a2d4851a1d" />
    <TestList name="All Loaded Results" id="19431567-8539-422a-85d7-44ee4e166bda" />
  </TestLists>
  <TestEntries>
    <TestEntry testId="77e1f49e-8ade-a555-158f-1ade36de28a5" executionId="b2eefaa9-2fc6-47cf-81f2-d38e40135269" testListId="8c84fa94-04c1-424b-9868-57a2d4851a1d" />
  </TestEntries>
  <Results>
    <UnitTestResult executionId="b2eefaa9-2fc6-47cf-81f2-d38e40135269" testId="77e1f49e-8ade-a555-158f-1ade36de28a5" testName="AvatarConstructorTest" computerName="ISBC-W51" duration="00:00:00.0480477" startTime="2009-05-27T12:58:06.2520432+03:00" endTime="2009-05-27T12:58:07.2340421+03:00" testType="13cdc9d9-ddb5-4fa4-a97d-d965ccfc6d4b" outcome="Passed" testListId="8c84fa94-04c1-424b-9868-57a2d4851a1d" relativeResultsDirectory="b2eefaa9-2fc6-47cf-81f2-d38e40135269">
    </UnitTestResult>
  </Results>
</TestRun>